


ARM Macro Assembler    Page 1 


    1 00000000                 THUMB
    2 00000000                 AREA             CLASE1, ALIGN=4
    3 00000000 00 00 00 
              00       mem     SPACE            4
    4 00000004                 AREA             |text.|, CODE, READONLY, ALIGN=
2
    5 00000000                 EXPORT           Start
    6 00000000         Start
    7 00000000 EEB1 0A04       VLDR.F32         S0,=5       ;Número a operar (n
                                                            !).
    8 00000004 EEF7 0A00       VMOV.F32         S1,#1       ;Registro para guar
                                                            dar resultado.
    9 00000008 EEB7 1A00       VMOV.F32         S2,#1       ;Constante 1.
   10 0000000C         Factorial
   11 0000000C         ;Multiplicar el valor actual de n y el resultado acumula
                       do.
   12 0000000C EE60 0A80       VMUL.F32         S1,S0
   13 00000010         ;Sustraer 1 al valor actual de n.
   14 00000010 EE30 0A41       VSUB.F32         S0,S2
   15 00000014         ;Verificar si Resultado es igual a 0 (ya no quedan númer
                       os por multiplicar).
   16 00000014 EEF5 0A40       VCMP.F32         S1,#0
   17 00000018 EEF1 FA10       VMRS             APSR_nzcv, FPSCR ;Trasladar ban
                                                            deras de FPSCR a AP
                                                            SR.
   18 0000001C BF08 EEF7 
              0A00             VMOVEQ.F32       S1, #1      ;El Resultado del f
                                                            actorial es 1.
   19 00000022 D009            BEQ              Fin         ;Si Resultado es ig
                                                            ual a 0, termina.
   20 00000024         ;Verificar si n a llegado a 0 (ya no quedan números por 
                       multiplicar).
   21 00000024 EEB5 0A40       VCMP.F32         S0,#0
   22 00000028 EEF1 FA10       VMRS             APSR_nzcv, FPSCR ;Trasladar ban
                                                            deras de FPSCR a AP
                                                            SR.
   23 0000002C D004            BEQ              Fin         ;Si n es igual a 0,
                                                             termina.
   24 0000002E         ;Verificar si se ha llegado a 1 (ya no quedan números po
                       r multiplicar).
   25 0000002E EEB4 0A41       VCMP.F32         S0,S2
   26 00000032 EEF1 FA10       VMRS             APSR_nzcv, FPSCR ;Trasladar ban
                                                            deras de FPSCR a AP
                                                            SR.
   27 00000036 D1E9            BNE              Factorial   ;Si n no es igual a
                                                             1, seguir operando
                                                            
   28 00000038 E7FE    Fin     B                Fin
   29 0000003A         
   30 0000003A 00 00           ALIGN
   31 0000003C                 END
Command Line: --debug --xref --diag_suppress=9931 --cpu=Cortex-M4.fp --apcs=int
erwork --depend=.\objects\e5_class1.d -o.\objects\e5_class1.o -I.\RTE\_Target_1
 -IC:\Users\Edesalher\AppData\Local\Arm\Packs\Keil\TM4C_DFP\1.1.0\Device\Includ
e\TM4C123 -IC:\Keil_v5\ARM\CMSIS\Include --predefine="__EVAL SETA 1" --predefin
e="__UVISION_VERSION SETA 528" --predefine="TM4C123GH6PM SETA 1" --list=.\listi
ngs\e5_class1.lst E5_CLASS1.s



ARM Macro Assembler    Page 1 Alphabetic symbol ordering
Relocatable symbols

CLASE1 00000000

Symbol: CLASE1
   Definitions
      At line 2 in file E5_CLASS1.s
   Uses
      None
Comment: CLASE1 unused
mem 00000000

Symbol: mem
   Definitions
      At line 3 in file E5_CLASS1.s
   Uses
      None
Comment: mem unused
2 symbols



ARM Macro Assembler    Page 1 Alphabetic symbol ordering
Relocatable symbols

Factorial 0000000C

Symbol: Factorial
   Definitions
      At line 10 in file E5_CLASS1.s
   Uses
      At line 27 in file E5_CLASS1.s
Comment: Factorial used once
Fin 00000038

Symbol: Fin
   Definitions
      At line 28 in file E5_CLASS1.s
   Uses
      At line 19 in file E5_CLASS1.s
      At line 23 in file E5_CLASS1.s
      At line 28 in file E5_CLASS1.s

Start 00000000

Symbol: Start
   Definitions
      At line 6 in file E5_CLASS1.s
   Uses
      At line 5 in file E5_CLASS1.s
Comment: Start used once
text. 00000000

Symbol: text.
   Definitions
      At line 4 in file E5_CLASS1.s
   Uses
      None
Comment: text. unused
4 symbols
340 symbols in table
