


ARM Macro Assembler    Page 1 


    1 00000000 400FE608 
                       SYSCTL_RCGCGPIO_R
                               EQU              0x400FE608  ;Se habilita el rel
                                                            oj para la TIVA C
    2 00000000         
    3 00000000 40005528 
                       GPIO_PORTB_AMSEL_R
                               EQU              0x40005528  ;Direcciones base p
                                                            ara el puerto A.
    4 00000000 4000552C 
                       GPIO_PORTB_PCTL_R
                               EQU              0x4000552C
    5 00000000 40005400 
                       GPIO_PORTB_DIR_R
                               EQU              0x40005400
    6 00000000 40005420 
                       GPIO_PORTB_AFSEL_R
                               EQU              0x40005420
    7 00000000 4000551C 
                       GPIO_PORTB_DEN_R
                               EQU              0x4000551C
    8 00000000         
    9 00000000 40005004 
                       PB0     EQU              0x40005004
   10 00000000 40005008 
                       PB1     EQU              0x40005008
   11 00000000 40005010 
                       PB2     EQU              0x40005010
   12 00000000 40005022 
                       BITS    EQU              0x40005022
   13 00000000 000F4240 
                       DELAY   EQU              1000000     ;Delay aprox. de 1 
                                                            seg.
   14 00000000         
   15 00000000         
   16 00000000                 AREA             |.text|, CODE, READONLY, ALIGN=
2
   17 00000000                 THUMB
   18 00000000                 EXPORT           Start
   19 00000000         
   20 00000000         
   21 00000000         Start
   22 00000000 E000            B                ConfigPuertoB
   23 00000002 E020            B                Inicio
   24 00000004         
   25 00000004         ConfigPuertoB
   26 00000004 4916            LDR              R1, =SYSCTL_RCGCGPIO_R ;Se acti
                                                            va reloj para puert
                                                            o A. 
   27 00000006 6808            LDR              R0, [R1]
   28 00000008 F040 0002       ORR              R0, R0, #0x02
   29 0000000C 6008            STR              R0, [R1]
   30 0000000E BF00            NOP
   31 00000010 BF00            NOP
   32 00000012         
   33 00000012 4914            LDR              R1, =GPIO_PORTB_AMSEL_R ;Se eli
                                                            minan las funciones
                                                             analógicas del pue
                                                            rto A.



ARM Macro Assembler    Page 2 


   34 00000014 6808            LDR              R0, [R1]
   35 00000016 F020 0007       BIC              R0, R0, #(0x01+0x02+0x04)
   36 0000001A 6008            STR              R0, [R1]
   37 0000001C         
   38 0000001C 4912            LDR              R1, =GPIO_PORTB_PCTL_R ;Se habi
                                                            lita el puerto A co
                                                            mo GPIO.
   39 0000001E 6808            LDR              R0, [R1]
   40 00000020 F020 6070       BIC              R0, R0, #0x0F000000 ; 
   41 00000024 6008            STR              R0, [R1]
   42 00000026         
   43 00000026 4911            LDR              R1, =GPIO_PORTB_DIR_R ;Se estab
                                                            lece como entrada o
                                                             salida el puerto A
                                                            .
   44 00000028 6808            LDR              R0, [R1]
   45 0000002A F040 0007       ORR              R0, R0, #(0x01+0x02+0x04)
   46 0000002E 6008            STR              R0, [R1]
   47 00000030         
   48 00000030 490F            LDR              R1, =GPIO_PORTB_AFSEL_R ;Se des
                                                            habilita otras func
                                                            iones de puerto A.
   49 00000032 6808            LDR              R0, [R1]
   50 00000034 F020 0007       BIC              R0, R0, #(0x01+0x02+0x04)
   51 00000038 6008            STR              R0, [R1]
   52 0000003A         
   53 0000003A 490E            LDR              R1, =GPIO_PORTB_DEN_R ;Se habil
                                                            ita la función digi
                                                            tal del puerto A.  
                                                                 
   54 0000003C 6808            LDR              R0, [R1]
   55 0000003E F040 0007       ORR              R0, #(0x01+0x02+0x04)
   56 00000042 6008            STR              R0, [R1]
   57 00000044         
   58 00000044 4770            BX               LR
   59 00000046         
   60 00000046         Inicio
   61 00000046 F04F 0201       MOV              R2, #0x01
   62 0000004A E7FF            B                LEDS
   63 0000004C         
   64 0000004C         LEDS
   65 0000004C 490A            LDR              R1, =PB0
   66 0000004E 4610            MOV              R0, R2
   67 00000050 6008            STR              R0, [R1]
   68 00000052 490A            LDR              R1, =DELAY
   69 00000054 E7FF            B                Delay
   70 00000056         
   71 00000056         Delay
   72 00000056 F1A1 0101       SUB              R1, #1
   73 0000005A 2900            CMP              R1, #0
   74 0000005C         ;BEQ Contador
   75 0000005C D0F6            BEQ              LEDS
   76 0000005E E7FA            B                Delay
   77 00000060         
   78 00000060         ;Contador 
   79 00000060         ;MOV R0, #1
   80 00000060         ;ADD R1, R1, R0 ;R1 = R1 + R0 = R1 + 1
   81 00000060         ;MOV R2, #2
   82 00000060         ;MOV R0, #0x07



ARM Macro Assembler    Page 3 


   83 00000060         ;CMP R2, R0
   84 00000060         ;BEQ Inicio
   85 00000060         ;B LEDS
   86 00000060         
   87 00000060                 ALIGN
   88 00000060                 END
              400FE608 
              40005528 
              4000552C 
              40005400 
              40005420 
              4000551C 
              40005004 
              000F4240 
Command Line: --debug --xref --diag_suppress=9931 --cpu=Cortex-M4.fp --apcs=int
erwork --depend=.\objects\exapractico2_lab.d -o.\objects\exapractico2_lab.o -I.
\RTE\_Target_1 -IC:\Users\Edesalher\AppData\Local\Arm\Packs\Keil\TM4C_DFP\1.1.0
\Device\Include\TM4C123 -IC:\Keil_v5\ARM\CMSIS\Include --predefine="__EVAL SETA
 1" --predefine="__UVISION_VERSION SETA 528" --predefine="TM4C123GH6PM SETA 1" 
--list=.\listings\exapractico2_lab.lst ExaPractico2_LAB.s



ARM Macro Assembler    Page 1 Alphabetic symbol ordering
Relocatable symbols

.text 00000000

Symbol: .text
   Definitions
      At line 16 in file ExaPractico2_LAB.s
   Uses
      None
Comment: .text unused
ConfigPuertoB 00000004

Symbol: ConfigPuertoB
   Definitions
      At line 25 in file ExaPractico2_LAB.s
   Uses
      At line 22 in file ExaPractico2_LAB.s
Comment: ConfigPuertoB used once
Delay 00000056

Symbol: Delay
   Definitions
      At line 71 in file ExaPractico2_LAB.s
   Uses
      At line 69 in file ExaPractico2_LAB.s
      At line 76 in file ExaPractico2_LAB.s

Inicio 00000046

Symbol: Inicio
   Definitions
      At line 60 in file ExaPractico2_LAB.s
   Uses
      At line 23 in file ExaPractico2_LAB.s
Comment: Inicio used once
LEDS 0000004C

Symbol: LEDS
   Definitions
      At line 64 in file ExaPractico2_LAB.s
   Uses
      At line 62 in file ExaPractico2_LAB.s
      At line 75 in file ExaPractico2_LAB.s

Start 00000000

Symbol: Start
   Definitions
      At line 21 in file ExaPractico2_LAB.s
   Uses
      At line 18 in file ExaPractico2_LAB.s
Comment: Start used once
6 symbols



ARM Macro Assembler    Page 1 Alphabetic symbol ordering
Absolute symbols

BITS 40005022

Symbol: BITS
   Definitions
      At line 12 in file ExaPractico2_LAB.s
   Uses
      None
Comment: BITS unused
DELAY 000F4240

Symbol: DELAY
   Definitions
      At line 13 in file ExaPractico2_LAB.s
   Uses
      At line 68 in file ExaPractico2_LAB.s
Comment: DELAY used once
GPIO_PORTB_AFSEL_R 40005420

Symbol: GPIO_PORTB_AFSEL_R
   Definitions
      At line 6 in file ExaPractico2_LAB.s
   Uses
      At line 48 in file ExaPractico2_LAB.s
Comment: GPIO_PORTB_AFSEL_R used once
GPIO_PORTB_AMSEL_R 40005528

Symbol: GPIO_PORTB_AMSEL_R
   Definitions
      At line 3 in file ExaPractico2_LAB.s
   Uses
      At line 33 in file ExaPractico2_LAB.s
Comment: GPIO_PORTB_AMSEL_R used once
GPIO_PORTB_DEN_R 4000551C

Symbol: GPIO_PORTB_DEN_R
   Definitions
      At line 7 in file ExaPractico2_LAB.s
   Uses
      At line 53 in file ExaPractico2_LAB.s
Comment: GPIO_PORTB_DEN_R used once
GPIO_PORTB_DIR_R 40005400

Symbol: GPIO_PORTB_DIR_R
   Definitions
      At line 5 in file ExaPractico2_LAB.s
   Uses
      At line 43 in file ExaPractico2_LAB.s
Comment: GPIO_PORTB_DIR_R used once
GPIO_PORTB_PCTL_R 4000552C

Symbol: GPIO_PORTB_PCTL_R
   Definitions
      At line 4 in file ExaPractico2_LAB.s
   Uses
      At line 38 in file ExaPractico2_LAB.s
Comment: GPIO_PORTB_PCTL_R used once
PB0 40005004

Symbol: PB0



ARM Macro Assembler    Page 2 Alphabetic symbol ordering
Absolute symbols

   Definitions
      At line 9 in file ExaPractico2_LAB.s
   Uses
      At line 65 in file ExaPractico2_LAB.s
Comment: PB0 used once
PB1 40005008

Symbol: PB1
   Definitions
      At line 10 in file ExaPractico2_LAB.s
   Uses
      None
Comment: PB1 unused
PB2 40005010

Symbol: PB2
   Definitions
      At line 11 in file ExaPractico2_LAB.s
   Uses
      None
Comment: PB2 unused
SYSCTL_RCGCGPIO_R 400FE608

Symbol: SYSCTL_RCGCGPIO_R
   Definitions
      At line 1 in file ExaPractico2_LAB.s
   Uses
      At line 26 in file ExaPractico2_LAB.s
Comment: SYSCTL_RCGCGPIO_R used once
11 symbols
353 symbols in table
